Build started 02/07/2026 07:17:31.
     1>Project "/QNet/site-packages/atx_dot_net_strands_cli/all_local_test_output/artifact-AdoCore/artifact/sourceCode/AdoCore.sln" on node 1 (Restore target(s)).
     1>ValidateSolutionConfiguration:
         Building solution configuration "Debug|Any CPU".
       _GetAllRestoreProjectPathItems:
         Determining projects to restore...
       Restore:
         X.509 certificate chain validation will use the system certificate bundle at '/etc/pki/ca-trust/extracted/pem/objsign-ca-bundle.pem'.
         X.509 certificate chain validation will use the fallback certificate bundle at '/root/.dotnet/sdk/10.0.102/trustedroots/timestampctl.pem'.
         Assets file has not changed. Skipping assets file writing. Path: /QNet/site-packages/atx_dot_net_strands_cli/all_local_test_output/artifact-AdoCore/artifact/sourceCode/obj/project.assets.json
         Restored /QNet/site-packages/atx_dot_net_strands_cli/all_local_test_output/artifact-AdoCore/artifact/sourceCode/AdoCore.csproj (in 52 ms).
         
         NuGet Config files used:
             /root/.nuget/NuGet/NuGet.Config
         
         Feeds used:
             https://api.nuget.org/v3/index.json
         All projects are up-to-date for restore.
     1>Done Building Project "/QNet/site-packages/atx_dot_net_strands_cli/all_local_test_output/artifact-AdoCore/artifact/sourceCode/AdoCore.sln" (Restore target(s)).
   1:2>Project "/QNet/site-packages/atx_dot_net_strands_cli/all_local_test_output/artifact-AdoCore/artifact/sourceCode/AdoCore.sln" on node 1 (default targets).
     1>ValidateSolutionConfiguration:
         Building solution configuration "Debug|Any CPU".
   1:2>Project "/QNet/site-packages/atx_dot_net_strands_cli/all_local_test_output/artifact-AdoCore/artifact/sourceCode/AdoCore.sln" (1:2) is building "/QNet/site-packages/atx_dot_net_strands_cli/all_local_test_output/artifact-AdoCore/artifact/sourceCode/AdoCore.csproj" (2:6) on node 1 (default targets).
     2>GenerateTargetFrameworkMonikerAttribute:
       Skipping target "GenerateTargetFrameworkMonikerAttribute" because all output files are up-to-date with respect to the input files.
       CoreGenerateAssemblyInfo:
       Skipping target "CoreGenerateAssemblyInfo" because all output files are up-to-date with respect to the input files.
       _GenerateSourceLinkFile:
         Source Link is empty, file 'obj/Debug/net9.0/AdoCore.sourcelink.json' does not exist.
       CoreCompile:
       Skipping target "CoreCompile" because all output files are up-to-date with respect to the input files.
       _CreateAppHost:
       Skipping target "_CreateAppHost" because all output files are up-to-date with respect to the input files.
       _CopyOutOfDateSourceItemsToOutputDirectory:
       Skipping target "_CopyOutOfDateSourceItemsToOutputDirectory" because all output files are up-to-date with respect to the input files.
       GenerateBuildDependencyFile:
       Skipping target "GenerateBuildDependencyFile" because all output files are up-to-date with respect to the input files.
       GenerateBuildRuntimeConfigurationFiles:
       Skipping target "GenerateBuildRuntimeConfigurationFiles" because all output files are up-to-date with respect to the input files.
       CopyFilesToOutputDirectory:
         AdoCore -> /QNet/site-packages/atx_dot_net_strands_cli/all_local_test_output/artifact-AdoCore/artifact/sourceCode/bin/Debug/net9.0/AdoCore.dll
     2>Done Building Project "/QNet/site-packages/atx_dot_net_strands_cli/all_local_test_output/artifact-AdoCore/artifact/sourceCode/AdoCore.csproj" (default targets).
     1>Done Building Project "/QNet/site-packages/atx_dot_net_strands_cli/all_local_test_output/artifact-AdoCore/artifact/sourceCode/AdoCore.sln" (default targets).

Build succeeded.
    0 Warning(s)
    0 Error(s)

Time Elapsed 00:00:01.07
