  Determining projects to restore...
/QNet/site-packages/atx_dot_net_strands_cli/all_local_test_output/artifact-AdoCore/artifact/sourceCode/AdoCore.csproj : warning NU1903: Package 'Npgsql' 8.0.1 has a known high severity vulnerability, https://github.com/advisories/GHSA-x9vc-6hfv-hg8c [/QNet/site-packages/atx_dot_net_strands_cli/all_local_test_output/artifact-AdoCore/artifact/sourceCode/AdoCore.sln]
  All projects are up-to-date for restore.
/QNet/site-packages/atx_dot_net_strands_cli/all_local_test_output/artifact-AdoCore/artifact/sourceCode/AdoCore.csproj : warning NU1903: Package 'Npgsql' 8.0.1 has a known high severity vulnerability, https://github.com/advisories/GHSA-x9vc-6hfv-hg8c
/QNet/site-packages/atx_dot_net_strands_cli/all_local_test_output/artifact-AdoCore/artifact/sourceCode/DataAccess/ProductRepository.cs(22,33): warning CS8601: Possible null reference assignment. [/QNet/site-packages/atx_dot_net_strands_cli/all_local_test_output/artifact-AdoCore/artifact/sourceCode/AdoCore.csproj]
/QNet/site-packages/atx_dot_net_strands_cli/all_local_test_output/artifact-AdoCore/artifact/sourceCode/DataAccess/ProductRepository.cs(17,16): warning CS8618: Non-nullable field '_connectionString' must contain a non-null value when exiting constructor. Consider adding the 'required' modifier or declaring the field as nullable. [/QNet/site-packages/atx_dot_net_strands_cli/all_local_test_output/artifact-AdoCore/artifact/sourceCode/AdoCore.csproj]
/QNet/site-packages/atx_dot_net_strands_cli/all_local_test_output/artifact-AdoCore/artifact/sourceCode/DataAccess/ProductRepository.cs(17,16): warning CS8618: Non-nullable field '_connection' must contain a non-null value when exiting constructor. Consider adding the 'required' modifier or declaring the field as nullable. [/QNet/site-packages/atx_dot_net_strands_cli/all_local_test_output/artifact-AdoCore/artifact/sourceCode/AdoCore.csproj]
/QNet/site-packages/atx_dot_net_strands_cli/all_local_test_output/artifact-AdoCore/artifact/sourceCode/Models/Product.cs(8,23): warning CS8618: Non-nullable property 'Name' must contain a non-null value when exiting constructor. Consider adding the 'required' modifier or declaring the property as nullable. [/QNet/site-packages/atx_dot_net_strands_cli/all_local_test_output/artifact-AdoCore/artifact/sourceCode/AdoCore.csproj]
/QNet/site-packages/atx_dot_net_strands_cli/all_local_test_output/artifact-AdoCore/artifact/sourceCode/DataAccess/ProductRepository.cs(125,20): warning CS8603: Possible null reference return. [/QNet/site-packages/atx_dot_net_strands_cli/all_local_test_output/artifact-AdoCore/artifact/sourceCode/AdoCore.csproj]
/QNet/site-packages/atx_dot_net_strands_cli/all_local_test_output/artifact-AdoCore/artifact/sourceCode/CLI/InteractiveMenu.cs(200,24): warning CS8601: Possible null reference assignment. [/QNet/site-packages/atx_dot_net_strands_cli/all_local_test_output/artifact-AdoCore/artifact/sourceCode/AdoCore.csproj]
/QNet/site-packages/atx_dot_net_strands_cli/all_local_test_output/artifact-AdoCore/artifact/sourceCode/DataAccess/ProductRepository.cs(159,61): warning CS8600: Converting null literal or possible null value to non-nullable type. [/QNet/site-packages/atx_dot_net_strands_cli/all_local_test_output/artifact-AdoCore/artifact/sourceCode/AdoCore.csproj]
/QNet/site-packages/atx_dot_net_strands_cli/all_local_test_output/artifact-AdoCore/artifact/sourceCode/DataAccess/ProductRepository.cs(205,61): warning CS8600: Converting null literal or possible null value to non-nullable type. [/QNet/site-packages/atx_dot_net_strands_cli/all_local_test_output/artifact-AdoCore/artifact/sourceCode/AdoCore.csproj]
/QNet/site-packages/atx_dot_net_strands_cli/all_local_test_output/artifact-AdoCore/artifact/sourceCode/DataAccess/ProductRepository.cs(349,24): warning CS8601: Possible null reference assignment. [/QNet/site-packages/atx_dot_net_strands_cli/all_local_test_output/artifact-AdoCore/artifact/sourceCode/AdoCore.csproj]
/QNet/site-packages/atx_dot_net_strands_cli/all_local_test_output/artifact-AdoCore/artifact/sourceCode/DataAccess/ProductRepository.cs(367,31): warning CS8625: Cannot convert null literal to non-nullable reference type. [/QNet/site-packages/atx_dot_net_strands_cli/all_local_test_output/artifact-AdoCore/artifact/sourceCode/AdoCore.csproj]
  AdoCore -> /QNet/site-packages/atx_dot_net_strands_cli/all_local_test_output/artifact-AdoCore/artifact/sourceCode/bin/Debug/net9.0/AdoCore.dll

Build succeeded.

/QNet/site-packages/atx_dot_net_strands_cli/all_local_test_output/artifact-AdoCore/artifact/sourceCode/AdoCore.csproj : warning NU1903: Package 'Npgsql' 8.0.1 has a known high severity vulnerability, https://github.com/advisories/GHSA-x9vc-6hfv-hg8c [/QNet/site-packages/atx_dot_net_strands_cli/all_local_test_output/artifact-AdoCore/artifact/sourceCode/AdoCore.sln]
/QNet/site-packages/atx_dot_net_strands_cli/all_local_test_output/artifact-AdoCore/artifact/sourceCode/AdoCore.csproj : warning NU1903: Package 'Npgsql' 8.0.1 has a known high severity vulnerability, https://github.com/advisories/GHSA-x9vc-6hfv-hg8c
/QNet/site-packages/atx_dot_net_strands_cli/all_local_test_output/artifact-AdoCore/artifact/sourceCode/DataAccess/ProductRepository.cs(22,33): warning CS8601: Possible null reference assignment. [/QNet/site-packages/atx_dot_net_strands_cli/all_local_test_output/artifact-AdoCore/artifact/sourceCode/AdoCore.csproj]
/QNet/site-packages/atx_dot_net_strands_cli/all_local_test_output/artifact-AdoCore/artifact/sourceCode/DataAccess/ProductRepository.cs(17,16): warning CS8618: Non-nullable field '_connectionString' must contain a non-null value when exiting constructor. Consider adding the 'required' modifier or declaring the field as nullable. [/QNet/site-packages/atx_dot_net_strands_cli/all_local_test_output/artifact-AdoCore/artifact/sourceCode/AdoCore.csproj]
/QNet/site-packages/atx_dot_net_strands_cli/all_local_test_output/artifact-AdoCore/artifact/sourceCode/DataAccess/ProductRepository.cs(17,16): warning CS8618: Non-nullable field '_connection' must contain a non-null value when exiting constructor. Consider adding the 'required' modifier or declaring the field as nullable. [/QNet/site-packages/atx_dot_net_strands_cli/all_local_test_output/artifact-AdoCore/artifact/sourceCode/AdoCore.csproj]
/QNet/site-packages/atx_dot_net_strands_cli/all_local_test_output/artifact-AdoCore/artifact/sourceCode/Models/Product.cs(8,23): warning CS8618: Non-nullable property 'Name' must contain a non-null value when exiting constructor. Consider adding the 'required' modifier or declaring the property as nullable. [/QNet/site-packages/atx_dot_net_strands_cli/all_local_test_output/artifact-AdoCore/artifact/sourceCode/AdoCore.csproj]
/QNet/site-packages/atx_dot_net_strands_cli/all_local_test_output/artifact-AdoCore/artifact/sourceCode/DataAccess/ProductRepository.cs(125,20): warning CS8603: Possible null reference return. [/QNet/site-packages/atx_dot_net_strands_cli/all_local_test_output/artifact-AdoCore/artifact/sourceCode/AdoCore.csproj]
/QNet/site-packages/atx_dot_net_strands_cli/all_local_test_output/artifact-AdoCore/artifact/sourceCode/CLI/InteractiveMenu.cs(200,24): warning CS8601: Possible null reference assignment. [/QNet/site-packages/atx_dot_net_strands_cli/all_local_test_output/artifact-AdoCore/artifact/sourceCode/AdoCore.csproj]
/QNet/site-packages/atx_dot_net_strands_cli/all_local_test_output/artifact-AdoCore/artifact/sourceCode/DataAccess/ProductRepository.cs(159,61): warning CS8600: Converting null literal or possible null value to non-nullable type. [/QNet/site-packages/atx_dot_net_strands_cli/all_local_test_output/artifact-AdoCore/artifact/sourceCode/AdoCore.csproj]
/QNet/site-packages/atx_dot_net_strands_cli/all_local_test_output/artifact-AdoCore/artifact/sourceCode/DataAccess/ProductRepository.cs(205,61): warning CS8600: Converting null literal or possible null value to non-nullable type. [/QNet/site-packages/atx_dot_net_strands_cli/all_local_test_output/artifact-AdoCore/artifact/sourceCode/AdoCore.csproj]
/QNet/site-packages/atx_dot_net_strands_cli/all_local_test_output/artifact-AdoCore/artifact/sourceCode/DataAccess/ProductRepository.cs(349,24): warning CS8601: Possible null reference assignment. [/QNet/site-packages/atx_dot_net_strands_cli/all_local_test_output/artifact-AdoCore/artifact/sourceCode/AdoCore.csproj]
/QNet/site-packages/atx_dot_net_strands_cli/all_local_test_output/artifact-AdoCore/artifact/sourceCode/DataAccess/ProductRepository.cs(367,31): warning CS8625: Cannot convert null literal to non-nullable reference type. [/QNet/site-packages/atx_dot_net_strands_cli/all_local_test_output/artifact-AdoCore/artifact/sourceCode/AdoCore.csproj]
    12 Warning(s)
    0 Error(s)

Time Elapsed 00:00:01.38
