================================================================================
DMS CONVERSION FAILURES LOG
================================================================================
Date: 2026-02-21
Total Statements Processed: 7
Total DMS Failures: 7
Total Manual Conversions: 7

================================================================================
STATEMENT 1: GetAllProductsAsync
================================================================================
Original SQL Server Statement:
WITH ProductStats AS (
    SELECT 
        ProductId,
        AVG(Price) OVER() as AvgPrice,
        COUNT(*) OVER() as TotalProducts
    FROM Products
)
SELECT 
    p.ProductId,
    p.Name,
    p.Description,
    p.Price,
    p.StockQuantity,
    p.CreatedDate,
    p.ModifiedDate,
    CASE 
        WHEN p.Price > ps.AvgPrice THEN 'Above Average'
        WHEN p.Price < ps.AvgPrice THEN 'Below Average'
        ELSE 'Average'
    END as PriceCategory,
    ROUND((p.Price / ps.AvgPrice) * 100, 2) as PricePercentageOfAverage
FROM Products p
INNER JOIN ProductStats ps ON p.ProductId = ps.ProductId
ORDER BY 
    CASE 
        WHEN p.Price > ps.AvgPrice THEN 1
        ELSE 2
    END,
    p.Name

DMS Error:
Metadata model creation failed: {'error': 'Unknown metadata model creation status: RECEIVED'}

Manual Conversion Rationale:
DMS tool failed to convert the statement. Applied manual conversion with:
1. Lowercase schema object names (Products -> products, ProductId -> productid, etc.)
2. PostgreSQL-compatible window functions (already compatible)
3. PostgreSQL-compatible ROUND function (already compatible)
4. PostgreSQL-compatible CASE expressions (already compatible)

Manual PostgreSQL Conversion:
WITH productstats AS (
    SELECT 
        productid,
        AVG(price) OVER() as avgprice,
        COUNT(*) OVER() as totalproducts
    FROM products
)
SELECT 
    p.productid,
    p.name,
    p.description,
    p.price,
    p.stockquantity,
    p.createddate,
    p.modifieddate,
    CASE 
        WHEN p.price > ps.avgprice THEN 'Above Average'
        WHEN p.price < ps.avgprice THEN 'Below Average'
        ELSE 'Average'
    END as pricecategory,
    ROUND((p.price / ps.avgprice) * 100, 2) as pricepercentageofaverage
FROM products p
INNER JOIN productstats ps ON p.productid = ps.productid
ORDER BY 
    CASE 
        WHEN p.price > ps.avgprice THEN 1
        ELSE 2
    END,
    p.name

================================================================================
STATEMENT 2: GetProductByIdAsync
================================================================================
Original SQL Server Statement:
WITH ProductHistory AS (
    SELECT 
        ProductId,
        LAG(Price) OVER (ORDER BY ModifiedDate) as PreviousPrice,
        LAG(StockQuantity) OVER (ORDER BY ModifiedDate) as PreviousStock
    FROM Products
    WHERE ProductId = @ProductId
)
SELECT 
    p.ProductId,
    p.Name,
    p.Description,
    p.Price,
    p.StockQuantity,
    p.CreatedDate,
    p.ModifiedDate,
    ph.PreviousPrice,
    ph.PreviousStock,
    CASE 
        WHEN ph.PreviousPrice IS NOT NULL THEN 
            ROUND(((p.Price - ph.PreviousPrice) / ph.PreviousPrice) * 100, 2)
        ELSE NULL
    END as PriceChangePercentage
FROM Products p
LEFT JOIN ProductHistory ph ON p.ProductId = ph.ProductId
WHERE p.ProductId = @ProductId

DMS Error:
Metadata model creation failed: {'error': 'Unknown metadata model creation status: RECEIVED'}

Manual Conversion Rationale:
DMS tool failed to convert the statement. Applied manual conversion with:
1. Lowercase schema object names (Products -> products, ProductId -> productid, etc.)
2. PostgreSQL-compatible LAG window function (already compatible)
3. PostgreSQL parameter syntax (@ProductId remains compatible with Npgsql)

Manual PostgreSQL Conversion:
WITH producthistory AS (
    SELECT 
        productid,
        LAG(price) OVER (ORDER BY modifieddate) as previousprice,
        LAG(stockquantity) OVER (ORDER BY modifieddate) as previousstock
    FROM products
    WHERE productid = @ProductId
)
SELECT 
    p.productid,
    p.name,
    p.description,
    p.price,
    p.stockquantity,
    p.createddate,
    p.modifieddate,
    ph.previousprice,
    ph.previousstock,
    CASE 
        WHEN ph.previousprice IS NOT NULL THEN 
            ROUND(((p.price - ph.previousprice) / ph.previousprice) * 100, 2)
        ELSE NULL
    END as pricechangepercentage
FROM products p
LEFT JOIN producthistory ph ON p.productid = ph.productid
WHERE p.productid = @ProductId

================================================================================
STATEMENT 3: InsertProductAsync
================================================================================
Original SQL Server Statement:
DECLARE @NewProductId INT;

BEGIN TRANSACTION;
    INSERT INTO Products (Name, Description, Price, StockQuantity)
    VALUES (@Name, @Description, @Price, @StockQuantity);
    
    SET @NewProductId = SCOPE_IDENTITY();
    
    INSERT INTO ProductHistory (ProductId, Action, OldPrice, NewPrice, OldStock, NewStock, ActionDate)
    VALUES (@NewProductId, 'INSERT', NULL, @Price, NULL, @StockQuantity, GETDATE());
    
    UPDATE ProductStats
    SET 
        TotalProducts = TotalProducts + 1,
        AveragePrice = (AveragePrice * TotalProducts + @Price) / (TotalProducts + 1),
        LastUpdated = GETDATE()
    WHERE StatId = 1;
COMMIT;

SELECT @NewProductId;

DMS Error:
Metadata model creation failed: {'error': 'Unknown metadata model creation status: RECEIVED'}

Manual Conversion Rationale:
DMS tool failed to convert the statement. Applied manual conversion with:
1. Lowercase schema object names (Products -> products, ProductHistory -> producthistory, etc.)
2. Removed DECLARE statement (PostgreSQL handles variables differently in procedures)
3. Changed SCOPE_IDENTITY() to RETURNING clause for INSERT
4. Changed GETDATE() to CURRENT_TIMESTAMP
5. PostgreSQL transaction syntax (BEGIN/COMMIT without TRANSACTION keyword)
6. Combined INSERT with RETURNING to capture new ID

Manual PostgreSQL Conversion:
DO $$
DECLARE v_newproductid INT;
BEGIN
    INSERT INTO products (name, description, price, stockquantity)
    VALUES (@Name, @Description, @Price, @StockQuantity)
    RETURNING productid INTO v_newproductid;
    
    INSERT INTO producthistory (productid, action, oldprice, newprice, oldstock, newstock, actiondate)
    VALUES (v_newproductid, 'INSERT', NULL, @Price, NULL, @StockQuantity, CURRENT_TIMESTAMP);
    
    UPDATE productstats
    SET 
        totalproducts = totalproducts + 1,
        averageprice = (averageprice * totalproducts + @Price) / (totalproducts + 1),
        lastupdated = CURRENT_TIMESTAMP
    WHERE statid = 1;
    
    -- Return the new product ID
    -- Note: In ADO.NET, we'll need to modify this to use RETURNING in the initial INSERT
END $$;

================================================================================
STATEMENT 4: UpdateProductAsync
================================================================================
Original SQL Server Statement:
BEGIN TRANSACTION;
    DECLARE @OldPrice DECIMAL(18,2);
    DECLARE @OldStock INT;
    
    SELECT @OldPrice = Price, @OldStock = StockQuantity
    FROM Products
    WHERE ProductId = @ProductId;
    
    UPDATE Products
    SET 
        Name = @Name,
        Description = @Description,
        Price = @Price,
        StockQuantity = @StockQuantity,
        ModifiedDate = GETDATE()
    WHERE ProductId = @ProductId;
    
    INSERT INTO ProductHistory (ProductId, Action, OldPrice, NewPrice, OldStock, NewStock, ActionDate)
    VALUES (@ProductId, 'UPDATE', @OldPrice, @Price, @OldStock, @StockQuantity, GETDATE());
    
    UPDATE ProductStats
    SET 
        AveragePrice = (AveragePrice * TotalProducts - @OldPrice + @Price) / TotalProducts,
        LastUpdated = GETDATE()
    WHERE StatId = 1;
COMMIT;

DMS Error:
Metadata model creation failed: {'error': 'Unknown metadata model creation status: RECEIVED'}

Manual Conversion Rationale:
DMS tool failed to convert the statement. Applied manual conversion with:
1. Lowercase schema object names (Products -> products, ProductHistory -> producthistory, etc.)
2. Changed GETDATE() to CURRENT_TIMESTAMP
3. PostgreSQL transaction syntax (BEGIN/COMMIT without TRANSACTION keyword)
4. Variable declarations use PostgreSQL syntax in DO block

Manual PostgreSQL Conversion:
DO $$
DECLARE v_oldprice DECIMAL(18,2);
DECLARE v_oldstock INT;
BEGIN
    SELECT price, stockquantity INTO v_oldprice, v_oldstock
    FROM products
    WHERE productid = @ProductId;
    
    UPDATE products
    SET 
        name = @Name,
        description = @Description,
        price = @Price,
        stockquantity = @StockQuantity,
        modifieddate = CURRENT_TIMESTAMP
    WHERE productid = @ProductId;
    
    INSERT INTO producthistory (productid, action, oldprice, newprice, oldstock, newstock, actiondate)
    VALUES (@ProductId, 'UPDATE', v_oldprice, @Price, v_oldstock, @StockQuantity, CURRENT_TIMESTAMP);
    
    UPDATE productstats
    SET 
        averageprice = (averageprice * totalproducts - v_oldprice + @Price) / totalproducts,
        lastupdated = CURRENT_TIMESTAMP
    WHERE statid = 1;
END $$;

================================================================================
STATEMENT 5: DeleteProductAsync
================================================================================
Original SQL Server Statement:
BEGIN TRANSACTION;
    DECLARE @OldPrice DECIMAL(18,2);
    DECLARE @OldStock INT;
    
    SELECT @OldPrice = Price, @OldStock = StockQuantity
    FROM Products
    WHERE ProductId = @ProductId;
    
    INSERT INTO ProductHistory (ProductId, Action, OldPrice, NewPrice, OldStock, NewStock, ActionDate)
    VALUES (@ProductId, 'DELETE', @OldPrice, NULL, @OldStock, NULL, GETDATE());
    
    DELETE FROM Products 
    WHERE ProductId = @ProductId;
    
    UPDATE ProductStats
    SET 
        TotalProducts = TotalProducts - 1,
        AveragePrice = CASE 
            WHEN TotalProducts > 1 
            THEN (AveragePrice * TotalProducts - @OldPrice) / (TotalProducts - 1)
            ELSE 0
        END,
        LastUpdated = GETDATE()
    WHERE StatId = 1;
COMMIT;

DMS Error:
Metadata model creation failed: {'error': 'Unknown metadata model creation status: RECEIVED'}

Manual Conversion Rationale:
DMS tool failed to convert the statement. Applied manual conversion with:
1. Lowercase schema object names (Products -> products, ProductHistory -> producthistory, etc.)
2. Changed GETDATE() to CURRENT_TIMESTAMP
3. PostgreSQL transaction syntax (BEGIN/COMMIT without TRANSACTION keyword)
4. Variable declarations use PostgreSQL syntax in DO block

Manual PostgreSQL Conversion:
DO $$
DECLARE v_oldprice DECIMAL(18,2);
DECLARE v_oldstock INT;
BEGIN
    SELECT price, stockquantity INTO v_oldprice, v_oldstock
    FROM products
    WHERE productid = @ProductId;
    
    INSERT INTO producthistory (productid, action, oldprice, newprice, oldstock, newstock, actiondate)
    VALUES (@ProductId, 'DELETE', v_oldprice, NULL, v_oldstock, NULL, CURRENT_TIMESTAMP);
    
    DELETE FROM products 
    WHERE productid = @ProductId;
    
    UPDATE productstats
    SET 
        totalproducts = totalproducts - 1,
        averageprice = CASE 
            WHEN totalproducts > 1 
            THEN (averageprice * totalproducts - v_oldprice) / (totalproducts - 1)
            ELSE 0
        END,
        lastupdated = CURRENT_TIMESTAMP
    WHERE statid = 1;
END $$;

================================================================================
STATEMENT 6: GetProductsByPriceRangeAsync
================================================================================
Original SQL Server Statement:
WITH RankedProducts AS (
    SELECT 
        p.*,
        RANK() OVER (ORDER BY p.Price) as PriceRank,
        PERCENT_RANK() OVER (ORDER BY p.Price) as PricePercentile
    FROM Products p
    WHERE p.Price BETWEEN @MinPrice AND @MaxPrice
)
SELECT 
    rp.*,
    CASE 
        WHEN rp.PricePercentile <= 0.25 THEN 'Budget'
        WHEN rp.PricePercentile <= 0.75 THEN 'Mid-Range'
        ELSE 'Premium'
    END as PriceSegment
FROM RankedProducts rp
ORDER BY rp.PriceRank

DMS Error:
Metadata model creation failed: {'error': 'Unknown metadata model creation status: RECEIVED'}

Manual Conversion Rationale:
DMS tool failed to convert the statement. Applied manual conversion with:
1. Lowercase schema object names (Products -> products, RankedProducts -> rankedproducts, etc.)
2. PostgreSQL-compatible RANK() and PERCENT_RANK() window functions (already compatible)

Manual PostgreSQL Conversion:
WITH rankedproducts AS (
    SELECT 
        p.*,
        RANK() OVER (ORDER BY p.price) as pricerank,
        PERCENT_RANK() OVER (ORDER BY p.price) as pricepercentile
    FROM products p
    WHERE p.price BETWEEN @MinPrice AND @MaxPrice
)
SELECT 
    rp.*,
    CASE 
        WHEN rp.pricepercentile <= 0.25 THEN 'Budget'
        WHEN rp.pricepercentile <= 0.75 THEN 'Mid-Range'
        ELSE 'Premium'
    END as pricesegment
FROM rankedproducts rp
ORDER BY rp.pricerank

================================================================================
STATEMENT 7: GetLowStockProductsAsync
================================================================================
Original SQL Server Statement:
WITH StockAnalysis AS (
    SELECT 
        p.*,
        AVG(StockQuantity) OVER() as AvgStock,
        MIN(StockQuantity) OVER() as MinStock,
        MAX(StockQuantity) OVER() as MaxStock
    FROM Products p
)
SELECT 
    sa.*,
    CASE 
        WHEN StockQuantity <= @Threshold THEN 'Critical'
        WHEN StockQuantity <= AvgStock * 0.5 THEN 'Low'
        ELSE 'Adequate'
    END as StockStatus,
    ROUND((StockQuantity / AvgStock) * 100, 2) as StockPercentageOfAverage
FROM StockAnalysis sa
WHERE StockQuantity <= @Threshold
ORDER BY StockQuantity

DMS Error:
Metadata model creation failed: {'error': 'Unknown metadata model creation status: RECEIVED'}

Manual Conversion Rationale:
DMS tool failed to convert the statement. Applied manual conversion with:
1. Lowercase schema object names (Products -> products, StockAnalysis -> stockanalysis, etc.)
2. PostgreSQL-compatible window functions (already compatible)
3. PostgreSQL-compatible ROUND function (already compatible)

Manual PostgreSQL Conversion:
WITH stockanalysis AS (
    SELECT 
        p.*,
        AVG(stockquantity) OVER() as avgstock,
        MIN(stockquantity) OVER() as minstock,
        MAX(stockquantity) OVER() as maxstock
    FROM products p
)
SELECT 
    sa.*,
    CASE 
        WHEN stockquantity <= @Threshold THEN 'Critical'
        WHEN stockquantity <= avgstock * 0.5 THEN 'Low'
        ELSE 'Adequate'
    END as stockstatus,
    ROUND((stockquantity / avgstock) * 100, 2) as stockpercentageofaverage
FROM stockanalysis sa
WHERE stockquantity <= @Threshold
ORDER BY stockquantity

================================================================================
END OF DMS CONVERSION FAILURES LOG
================================================================================
